// Jest Snapshot v1, https://goo.gl/fbAQLP

exports[`CounterList Component Tests matches CounterList snapshot 1`] = `
<div>
  <button
    className="add"
    onClick={[Function]}
  >
    Add Counter
  </button>
  <button
    className="remove"
    onClick={[Function]}
  >
    Remove Counter
  </button>
</div>
`;
